2025/01/19 01:13:44 [notice] 1#1: using the "epoll" event method
2025/01/19 01:13:44 [notice] 1#1: nginx/1.27.3
2025/01/19 01:13:44 [notice] 1#1: built by gcc 13.2.1 20240309 (Alpine 13.2.1_git20240309) 
2025/01/19 01:13:44 [notice] 1#1: OS: Linux 5.15.153.1-microsoft-standard-WSL2
2025/01/19 01:13:44 [notice] 1#1: getrlimit(RLIMIT_NOFILE): 1048576:1048576
2025/01/19 01:13:44 [notice] 1#1: start worker processes
2025/01/19 01:13:44 [notice] 1#1: start worker process 29
2025/01/19 01:13:44 [notice] 1#1: start worker process 30
2025/01/19 01:13:44 [notice] 1#1: start worker process 31
2025/01/19 01:13:44 [notice] 1#1: start worker process 32
2025/01/19 01:13:44 [notice] 1#1: start worker process 33
2025/01/19 01:13:44 [notice] 1#1: start worker process 34
2025/01/19 01:13:44 [notice] 1#1: start worker process 35
2025/01/19 01:13:44 [notice] 1#1: start worker process 36
2025/01/19 01:13:44 [notice] 1#1: start worker process 37
2025/01/19 01:13:44 [notice] 1#1: start worker process 38
2025/01/19 01:13:44 [notice] 1#1: start worker process 39
2025/01/19 01:13:44 [notice] 1#1: start worker process 40
2025/01/19 01:13:44 [notice] 1#1: start worker process 41
2025/01/19 01:13:44 [notice] 1#1: start worker process 42
2025/01/19 01:13:44 [notice] 1#1: start worker process 43
2025/01/19 01:13:44 [notice] 1#1: start worker process 44
2025/01/19 01:15:25 [notice] 1#1: signal 3 (SIGQUIT) received, shutting down
2025/01/19 01:15:25 [notice] 29#29: gracefully shutting down
2025/01/19 01:15:25 [notice] 38#38: gracefully shutting down
2025/01/19 01:15:25 [notice] 30#30: gracefully shutting down
2025/01/19 01:15:25 [notice] 31#31: gracefully shutting down
2025/01/19 01:15:25 [notice] 33#33: gracefully shutting down
2025/01/19 01:15:25 [notice] 32#32: gracefully shutting down
2025/01/19 01:15:25 [notice] 34#34: gracefully shutting down
2025/01/19 01:15:25 [notice] 35#35: gracefully shutting down
2025/01/19 01:15:25 [notice] 36#36: gracefully shutting down
2025/01/19 01:15:25 [notice] 37#37: gracefully shutting down
2025/01/19 01:15:25 [notice] 39#39: gracefully shutting down
2025/01/19 01:15:25 [notice] 40#40: gracefully shutting down
2025/01/19 01:15:25 [notice] 29#29: exiting
2025/01/19 01:15:25 [notice] 41#41: gracefully shutting down
2025/01/19 01:15:25 [notice] 42#42: gracefully shutting down
2025/01/19 01:15:25 [notice] 43#43: gracefully shutting down
2025/01/19 01:15:25 [notice] 44#44: gracefully shutting down
2025/01/19 01:15:25 [notice] 44#44: exiting
2025/01/19 01:15:25 [notice] 38#38: exiting
2025/01/19 01:15:25 [notice] 30#30: exiting
2025/01/19 01:15:25 [notice] 31#31: exiting
2025/01/19 01:15:25 [notice] 33#33: exiting
2025/01/19 01:15:25 [notice] 32#32: exiting
2025/01/19 01:15:25 [notice] 34#34: exiting
2025/01/19 01:15:25 [notice] 35#35: exiting
2025/01/19 01:15:25 [notice] 36#36: exiting
2025/01/19 01:15:25 [notice] 37#37: exiting
2025/01/19 01:15:25 [notice] 39#39: exiting
2025/01/19 01:15:25 [notice] 40#40: exiting
2025/01/19 01:15:25 [notice] 41#41: exiting
2025/01/19 01:15:25 [notice] 42#42: exiting
2025/01/19 01:15:25 [notice] 43#43: exiting
2025/01/19 01:15:25 [notice] 29#29: exit
2025/01/19 01:15:25 [notice] 44#44: exit
2025/01/19 01:15:25 [notice] 38#38: exit
2025/01/19 01:15:25 [notice] 30#30: exit
2025/01/19 01:15:25 [notice] 31#31: exit
2025/01/19 01:15:25 [notice] 33#33: exit
2025/01/19 01:15:25 [notice] 32#32: exit
2025/01/19 01:15:25 [notice] 34#34: exit
2025/01/19 01:15:25 [notice] 35#35: exit
2025/01/19 01:15:25 [notice] 36#36: exit
2025/01/19 01:15:25 [notice] 37#37: exit
2025/01/19 01:15:25 [notice] 39#39: exit
2025/01/19 01:15:25 [notice] 40#40: exit
2025/01/19 01:15:25 [notice] 41#41: exit
2025/01/19 01:15:25 [notice] 42#42: exit
2025/01/19 01:15:25 [notice] 43#43: exit
2025/01/19 01:15:26 [notice] 1#1: signal 17 (SIGCHLD) received from 34
2025/01/19 01:15:26 [notice] 1#1: worker process 29 exited with code 0
2025/01/19 01:15:26 [notice] 1#1: worker process 32 exited with code 0
2025/01/19 01:15:26 [notice] 1#1: worker process 33 exited with code 0
2025/01/19 01:15:26 [notice] 1#1: worker process 34 exited with code 0
2025/01/19 01:15:26 [notice] 1#1: worker process 35 exited with code 0
2025/01/19 01:15:26 [notice] 1#1: worker process 36 exited with code 0
2025/01/19 01:15:26 [notice] 1#1: worker process 40 exited with code 0
2025/01/19 01:15:26 [notice] 1#1: worker process 41 exited with code 0
2025/01/19 01:15:26 [notice] 1#1: worker process 43 exited with code 0
2025/01/19 01:15:26 [notice] 1#1: worker process 44 exited with code 0
2025/01/19 01:15:26 [notice] 1#1: signal 29 (SIGIO) received
2025/01/19 01:15:26 [notice] 1#1: signal 17 (SIGCHLD) received from 41
2025/01/19 01:15:26 [notice] 1#1: signal 17 (SIGCHLD) received from 38
2025/01/19 01:15:26 [notice] 1#1: worker process 38 exited with code 0
2025/01/19 01:15:26 [notice] 1#1: signal 29 (SIGIO) received
2025/01/19 01:15:26 [notice] 1#1: signal 17 (SIGCHLD) received from 30
2025/01/19 01:15:26 [notice] 1#1: worker process 30 exited with code 0
2025/01/19 01:15:26 [notice] 1#1: worker process 31 exited with code 0
2025/01/19 01:15:26 [notice] 1#1: worker process 37 exited with code 0
2025/01/19 01:15:26 [notice] 1#1: worker process 39 exited with code 0
2025/01/19 01:15:26 [notice] 1#1: worker process 42 exited with code 0
2025/01/19 01:15:26 [notice] 1#1: exit
2025/01/19 01:15:28 [notice] 1#1: using the "epoll" event method
2025/01/19 01:15:28 [notice] 1#1: nginx/1.27.3
2025/01/19 01:15:28 [notice] 1#1: built by gcc 13.2.1 20240309 (Alpine 13.2.1_git20240309) 
2025/01/19 01:15:28 [notice] 1#1: OS: Linux 5.15.153.1-microsoft-standard-WSL2
2025/01/19 01:15:28 [notice] 1#1: getrlimit(RLIMIT_NOFILE): 1048576:1048576
2025/01/19 01:15:28 [notice] 1#1: start worker processes
2025/01/19 01:15:28 [notice] 1#1: start worker process 29
2025/01/19 01:15:28 [notice] 1#1: start worker process 30
2025/01/19 01:15:28 [notice] 1#1: start worker process 31
2025/01/19 01:15:28 [notice] 1#1: start worker process 32
2025/01/19 01:15:28 [notice] 1#1: start worker process 33
2025/01/19 01:15:28 [notice] 1#1: start worker process 34
2025/01/19 01:15:28 [notice] 1#1: start worker process 35
2025/01/19 01:15:28 [notice] 1#1: start worker process 36
2025/01/19 01:15:28 [notice] 1#1: start worker process 37
2025/01/19 01:15:28 [notice] 1#1: start worker process 38
2025/01/19 01:15:28 [notice] 1#1: start worker process 39
2025/01/19 01:15:28 [notice] 1#1: start worker process 40
2025/01/19 01:15:28 [notice] 1#1: start worker process 41
2025/01/19 01:15:28 [notice] 1#1: start worker process 42
2025/01/19 01:15:28 [notice] 1#1: start worker process 43
2025/01/19 01:15:28 [notice] 1#1: start worker process 44
2025/01/19 01:23:42 [notice] 1#1: signal 3 (SIGQUIT) received, shutting down
2025/01/19 01:23:42 [notice] 30#30: gracefully shutting down
2025/01/19 01:23:42 [notice] 43#43: gracefully shutting down
2025/01/19 01:23:42 [notice] 33#33: gracefully shutting down
2025/01/19 01:23:42 [notice] 32#32: gracefully shutting down
2025/01/19 01:23:42 [notice] 36#36: gracefully shutting down
2025/01/19 01:23:42 [notice] 39#39: gracefully shutting down
2025/01/19 01:23:42 [notice] 35#35: gracefully shutting down
2025/01/19 01:23:42 [notice] 42#42: gracefully shutting down
2025/01/19 01:23:42 [notice] 42#42: exiting
2025/01/19 01:23:42 [notice] 40#40: gracefully shutting down
2025/01/19 01:23:42 [notice] 38#38: gracefully shutting down
2025/01/19 01:23:42 [notice] 29#29: gracefully shutting down
2025/01/19 01:23:42 [notice] 44#44: gracefully shutting down
2025/01/19 01:23:42 [notice] 41#41: gracefully shutting down
2025/01/19 01:23:42 [notice] 37#37: gracefully shutting down
2025/01/19 01:23:42 [notice] 30#30: exiting
2025/01/19 01:23:42 [notice] 31#31: gracefully shutting down
2025/01/19 01:23:42 [notice] 34#34: gracefully shutting down
2025/01/19 01:23:42 [notice] 43#43: exiting
2025/01/19 01:23:42 [notice] 33#33: exiting
2025/01/19 01:23:42 [notice] 32#32: exiting
2025/01/19 01:23:42 [notice] 36#36: exiting
2025/01/19 01:23:42 [notice] 39#39: exiting
2025/01/19 01:23:42 [notice] 35#35: exiting
2025/01/19 01:23:42 [notice] 40#40: exiting
2025/01/19 01:23:42 [notice] 42#42: exit
2025/01/19 01:23:42 [notice] 38#38: exiting
2025/01/19 01:23:42 [notice] 29#29: exiting
2025/01/19 01:23:42 [notice] 44#44: exiting
2025/01/19 01:23:42 [notice] 41#41: exiting
2025/01/19 01:23:42 [notice] 37#37: exiting
2025/01/19 01:23:42 [notice] 30#30: exit
2025/01/19 01:23:42 [notice] 31#31: exiting
2025/01/19 01:23:42 [notice] 34#34: exiting
2025/01/19 01:23:42 [notice] 43#43: exit
2025/01/19 01:23:42 [notice] 33#33: exit
2025/01/19 01:23:42 [notice] 32#32: exit
2025/01/19 01:23:42 [notice] 36#36: exit
2025/01/19 01:23:42 [notice] 39#39: exit
2025/01/19 01:23:42 [notice] 35#35: exit
2025/01/19 01:23:42 [notice] 40#40: exit
2025/01/19 01:23:42 [notice] 38#38: exit
2025/01/19 01:23:42 [notice] 44#44: exit
2025/01/19 01:23:42 [notice] 29#29: exit
2025/01/19 01:23:42 [notice] 41#41: exit
2025/01/19 01:23:42 [notice] 37#37: exit
2025/01/19 01:23:42 [notice] 31#31: exit
2025/01/19 01:23:42 [notice] 34#34: exit
2025/01/19 01:23:43 [notice] 1#1: signal 17 (SIGCHLD) received from 30
2025/01/19 01:23:43 [notice] 1#1: worker process 30 exited with code 0
2025/01/19 01:23:43 [notice] 1#1: signal 29 (SIGIO) received
2025/01/19 01:23:43 [notice] 1#1: signal 17 (SIGCHLD) received from 43
2025/01/19 01:23:43 [notice] 1#1: worker process 32 exited with code 0
2025/01/19 01:23:43 [notice] 1#1: worker process 40 exited with code 0
2025/01/19 01:23:43 [notice] 1#1: worker process 42 exited with code 0
2025/01/19 01:23:43 [notice] 1#1: worker process 43 exited with code 0
2025/01/19 01:23:43 [notice] 1#1: worker process 44 exited with code 0
2025/01/19 01:23:43 [notice] 1#1: signal 29 (SIGIO) received
2025/01/19 01:23:43 [notice] 1#1: signal 17 (SIGCHLD) received from 32
2025/01/19 01:23:43 [notice] 1#1: signal 17 (SIGCHLD) received from 33
2025/01/19 01:23:43 [notice] 1#1: worker process 31 exited with code 0
2025/01/19 01:23:43 [notice] 1#1: worker process 33 exited with code 0
2025/01/19 01:23:43 [notice] 1#1: signal 29 (SIGIO) received
2025/01/19 01:23:43 [notice] 1#1: signal 17 (SIGCHLD) received from 31
2025/01/19 01:23:43 [notice] 1#1: signal 17 (SIGCHLD) received from 35
2025/01/19 01:23:43 [notice] 1#1: worker process 29 exited with code 0
2025/01/19 01:23:43 [notice] 1#1: worker process 34 exited with code 0
2025/01/19 01:23:43 [notice] 1#1: worker process 35 exited with code 0
2025/01/19 01:23:43 [notice] 1#1: worker process 36 exited with code 0
2025/01/19 01:23:43 [notice] 1#1: worker process 37 exited with code 0
2025/01/19 01:23:43 [notice] 1#1: worker process 38 exited with code 0
2025/01/19 01:23:43 [notice] 1#1: worker process 39 exited with code 0
2025/01/19 01:23:43 [notice] 1#1: worker process 41 exited with code 0
2025/01/19 01:23:43 [notice] 1#1: exit
2025/01/19 01:23:49 [notice] 1#1: using the "epoll" event method
2025/01/19 01:23:49 [notice] 1#1: nginx/1.27.3
2025/01/19 01:23:49 [notice] 1#1: built by gcc 13.2.1 20240309 (Alpine 13.2.1_git20240309) 
2025/01/19 01:23:49 [notice] 1#1: OS: Linux 5.15.153.1-microsoft-standard-WSL2
2025/01/19 01:23:49 [notice] 1#1: getrlimit(RLIMIT_NOFILE): 1048576:1048576
2025/01/19 01:23:49 [notice] 1#1: start worker processes
2025/01/19 01:23:49 [notice] 1#1: start worker process 29
2025/01/19 01:23:49 [notice] 1#1: start worker process 30
2025/01/19 01:23:49 [notice] 1#1: start worker process 31
2025/01/19 01:23:49 [notice] 1#1: start worker process 32
2025/01/19 01:23:49 [notice] 1#1: start worker process 33
2025/01/19 01:23:49 [notice] 1#1: start worker process 34
2025/01/19 01:23:49 [notice] 1#1: start worker process 35
2025/01/19 01:23:49 [notice] 1#1: start worker process 36
2025/01/19 01:23:49 [notice] 1#1: start worker process 37
2025/01/19 01:23:49 [notice] 1#1: start worker process 38
2025/01/19 01:23:49 [notice] 1#1: start worker process 39
2025/01/19 01:23:49 [notice] 1#1: start worker process 40
2025/01/19 01:23:49 [notice] 1#1: start worker process 41
2025/01/19 01:23:49 [notice] 1#1: start worker process 42
2025/01/19 01:23:49 [notice] 1#1: start worker process 43
2025/01/19 01:23:49 [notice] 1#1: start worker process 44
2025/01/19 01:31:04 [notice] 1#1: signal 3 (SIGQUIT) received, shutting down
2025/01/19 01:31:04 [notice] 29#29: gracefully shutting down
2025/01/19 01:31:04 [notice] 37#37: gracefully shutting down
2025/01/19 01:31:04 [notice] 30#30: gracefully shutting down
2025/01/19 01:31:04 [notice] 31#31: gracefully shutting down
2025/01/19 01:31:04 [notice] 32#32: gracefully shutting down
2025/01/19 01:31:04 [notice] 33#33: gracefully shutting down
2025/01/19 01:31:04 [notice] 34#34: gracefully shutting down
2025/01/19 01:31:04 [notice] 35#35: gracefully shutting down
2025/01/19 01:31:04 [notice] 36#36: gracefully shutting down
2025/01/19 01:31:04 [notice] 38#38: gracefully shutting down
2025/01/19 01:31:04 [notice] 38#38: exiting
2025/01/19 01:31:04 [notice] 29#29: exiting
2025/01/19 01:31:04 [notice] 39#39: gracefully shutting down
2025/01/19 01:31:04 [notice] 39#39: exiting
2025/01/19 01:31:04 [notice] 42#42: gracefully shutting down
2025/01/19 01:31:04 [notice] 42#42: exiting
2025/01/19 01:31:04 [notice] 40#40: gracefully shutting down
2025/01/19 01:31:04 [notice] 40#40: exiting
2025/01/19 01:31:04 [notice] 41#41: gracefully shutting down
2025/01/19 01:31:04 [notice] 43#43: gracefully shutting down
2025/01/19 01:31:04 [notice] 44#44: gracefully shutting down
2025/01/19 01:31:04 [notice] 37#37: exiting
2025/01/19 01:31:04 [notice] 30#30: exiting
2025/01/19 01:31:04 [notice] 31#31: exiting
2025/01/19 01:31:04 [notice] 32#32: exiting
2025/01/19 01:31:04 [notice] 33#33: exiting
2025/01/19 01:31:04 [notice] 34#34: exiting
2025/01/19 01:31:04 [notice] 32#32: exit
2025/01/19 01:31:04 [notice] 35#35: exiting
2025/01/19 01:31:04 [notice] 36#36: exiting
2025/01/19 01:31:04 [notice] 38#38: exit
2025/01/19 01:31:04 [notice] 29#29: exit
2025/01/19 01:31:04 [notice] 39#39: exit
2025/01/19 01:31:04 [notice] 42#42: exit
2025/01/19 01:31:04 [notice] 40#40: exit
2025/01/19 01:31:04 [notice] 41#41: exiting
2025/01/19 01:31:04 [notice] 43#43: exiting
2025/01/19 01:31:04 [notice] 44#44: exiting
2025/01/19 01:31:04 [notice] 37#37: exit
2025/01/19 01:31:04 [notice] 30#30: exit
2025/01/19 01:31:04 [notice] 31#31: exit
2025/01/19 01:31:04 [notice] 33#33: exit
2025/01/19 01:31:04 [notice] 34#34: exit
2025/01/19 01:31:04 [notice] 35#35: exit
2025/01/19 01:31:04 [notice] 36#36: exit
2025/01/19 01:31:04 [notice] 41#41: exit
2025/01/19 01:31:04 [notice] 43#43: exit
2025/01/19 01:31:04 [notice] 44#44: exit
2025/01/19 01:31:05 [notice] 1#1: signal 17 (SIGCHLD) received from 37
2025/01/19 01:31:05 [notice] 1#1: worker process 29 exited with code 0
2025/01/19 01:31:05 [notice] 1#1: worker process 37 exited with code 0
2025/01/19 01:31:05 [notice] 1#1: worker process 39 exited with code 0
2025/01/19 01:31:05 [notice] 1#1: worker process 41 exited with code 0
2025/01/19 01:31:05 [notice] 1#1: signal 29 (SIGIO) received
2025/01/19 01:31:05 [notice] 1#1: signal 17 (SIGCHLD) received from 40
2025/01/19 01:31:05 [notice] 1#1: worker process 30 exited with code 0
2025/01/19 01:31:05 [notice] 1#1: worker process 31 exited with code 0
2025/01/19 01:31:05 [notice] 1#1: worker process 33 exited with code 0
2025/01/19 01:31:05 [notice] 1#1: worker process 34 exited with code 0
2025/01/19 01:31:05 [notice] 1#1: worker process 35 exited with code 0
2025/01/19 01:31:05 [notice] 1#1: worker process 38 exited with code 0
2025/01/19 01:31:05 [notice] 1#1: worker process 40 exited with code 0
2025/01/19 01:31:05 [notice] 1#1: worker process 42 exited with code 0
2025/01/19 01:31:05 [notice] 1#1: worker process 43 exited with code 0
2025/01/19 01:31:05 [notice] 1#1: worker process 44 exited with code 0
2025/01/19 01:31:05 [notice] 1#1: signal 29 (SIGIO) received
2025/01/19 01:31:05 [notice] 1#1: signal 17 (SIGCHLD) received from 44
2025/01/19 01:31:05 [notice] 1#1: signal 17 (SIGCHLD) received from 32
2025/01/19 01:31:05 [notice] 1#1: worker process 32 exited with code 0
2025/01/19 01:31:05 [notice] 1#1: worker process 36 exited with code 0
2025/01/19 01:31:05 [notice] 1#1: exit
2025/01/19 01:31:07 [notice] 1#1: using the "epoll" event method
2025/01/19 01:31:07 [notice] 1#1: nginx/1.27.3
2025/01/19 01:31:07 [notice] 1#1: built by gcc 13.2.1 20240309 (Alpine 13.2.1_git20240309) 
2025/01/19 01:31:07 [notice] 1#1: OS: Linux 5.15.153.1-microsoft-standard-WSL2
2025/01/19 01:31:07 [notice] 1#1: getrlimit(RLIMIT_NOFILE): 1048576:1048576
2025/01/19 01:31:07 [notice] 1#1: start worker processes
2025/01/19 01:31:07 [notice] 1#1: start worker process 30
2025/01/19 01:31:07 [notice] 1#1: start worker process 31
2025/01/19 01:31:07 [notice] 1#1: start worker process 32
2025/01/19 01:31:07 [notice] 1#1: start worker process 33
2025/01/19 01:31:07 [notice] 1#1: start worker process 34
2025/01/19 01:31:07 [notice] 1#1: start worker process 35
2025/01/19 01:31:07 [notice] 1#1: start worker process 36
2025/01/19 01:31:07 [notice] 1#1: start worker process 37
2025/01/19 01:31:07 [notice] 1#1: start worker process 38
2025/01/19 01:31:07 [notice] 1#1: start worker process 39
2025/01/19 01:31:07 [notice] 1#1: start worker process 40
2025/01/19 01:31:07 [notice] 1#1: start worker process 41
2025/01/19 01:31:07 [notice] 1#1: start worker process 42
2025/01/19 01:31:07 [notice] 1#1: start worker process 43
2025/01/19 01:31:07 [notice] 1#1: start worker process 44
2025/01/19 01:31:07 [notice] 1#1: start worker process 45
2025/01/19 01:51:54 [notice] 1#1: signal 3 (SIGQUIT) received, shutting down
2025/01/19 01:51:54 [notice] 30#30: gracefully shutting down
2025/01/19 01:51:54 [notice] 42#42: gracefully shutting down
2025/01/19 01:51:54 [notice] 31#31: gracefully shutting down
2025/01/19 01:51:54 [notice] 33#33: gracefully shutting down
2025/01/19 01:51:54 [notice] 36#36: gracefully shutting down
2025/01/19 01:51:54 [notice] 32#32: gracefully shutting down
2025/01/19 01:51:54 [notice] 37#37: gracefully shutting down
2025/01/19 01:51:54 [notice] 34#34: gracefully shutting down
2025/01/19 01:51:54 [notice] 40#40: gracefully shutting down
2025/01/19 01:51:54 [notice] 35#35: gracefully shutting down
2025/01/19 01:51:54 [notice] 38#38: gracefully shutting down
2025/01/19 01:51:54 [notice] 39#39: gracefully shutting down
2025/01/19 01:51:54 [notice] 44#44: gracefully shutting down
2025/01/19 01:51:54 [notice] 43#43: gracefully shutting down
2025/01/19 01:51:54 [notice] 45#45: gracefully shutting down
2025/01/19 01:51:54 [notice] 41#41: gracefully shutting down
2025/01/19 01:51:54 [notice] 30#30: exiting
2025/01/19 01:51:54 [notice] 42#42: exiting
2025/01/19 01:51:54 [notice] 31#31: exiting
2025/01/19 01:51:54 [notice] 33#33: exiting
2025/01/19 01:51:54 [notice] 36#36: exiting
2025/01/19 01:51:54 [notice] 32#32: exiting
2025/01/19 01:51:54 [notice] 37#37: exiting
2025/01/19 01:51:54 [notice] 34#34: exiting
2025/01/19 01:51:54 [notice] 40#40: exiting
2025/01/19 01:51:54 [notice] 35#35: exiting
2025/01/19 01:51:54 [notice] 38#38: exiting
2025/01/19 01:51:54 [notice] 39#39: exiting
2025/01/19 01:51:54 [notice] 44#44: exiting
2025/01/19 01:51:54 [notice] 43#43: exiting
2025/01/19 01:51:54 [notice] 45#45: exiting
2025/01/19 01:51:54 [notice] 41#41: exiting
2025/01/19 01:51:54 [notice] 43#43: exit
2025/01/19 01:51:54 [notice] 30#30: exit
2025/01/19 01:51:54 [notice] 42#42: exit
2025/01/19 01:51:54 [notice] 31#31: exit
2025/01/19 01:51:54 [notice] 33#33: exit
2025/01/19 01:51:54 [notice] 36#36: exit
2025/01/19 01:51:54 [notice] 32#32: exit
2025/01/19 01:51:54 [notice] 37#37: exit
2025/01/19 01:51:54 [notice] 34#34: exit
2025/01/19 01:51:54 [notice] 40#40: exit
2025/01/19 01:51:54 [notice] 35#35: exit
2025/01/19 01:51:54 [notice] 38#38: exit
2025/01/19 01:51:54 [notice] 39#39: exit
2025/01/19 01:51:54 [notice] 44#44: exit
2025/01/19 01:51:54 [notice] 45#45: exit
2025/01/19 01:51:54 [notice] 41#41: exit
2025/01/19 01:51:54 [notice] 1#1: signal 17 (SIGCHLD) received from 32
2025/01/19 01:51:54 [notice] 1#1: worker process 32 exited with code 0
2025/01/19 01:51:54 [notice] 1#1: worker process 38 exited with code 0
2025/01/19 01:51:54 [notice] 1#1: signal 29 (SIGIO) received
2025/01/19 01:51:54 [notice] 1#1: signal 17 (SIGCHLD) received from 30
2025/01/19 01:51:54 [notice] 1#1: worker process 30 exited with code 0
2025/01/19 01:51:54 [notice] 1#1: worker process 31 exited with code 0
2025/01/19 01:51:54 [notice] 1#1: worker process 33 exited with code 0
2025/01/19 01:51:54 [notice] 1#1: worker process 34 exited with code 0
2025/01/19 01:51:54 [notice] 1#1: worker process 35 exited with code 0
2025/01/19 01:51:54 [notice] 1#1: worker process 36 exited with code 0
2025/01/19 01:51:54 [notice] 1#1: worker process 37 exited with code 0
2025/01/19 01:51:54 [notice] 1#1: worker process 39 exited with code 0
2025/01/19 01:51:54 [notice] 1#1: worker process 40 exited with code 0
2025/01/19 01:51:54 [notice] 1#1: worker process 41 exited with code 0
2025/01/19 01:51:54 [notice] 1#1: worker process 42 exited with code 0
2025/01/19 01:51:54 [notice] 1#1: worker process 43 exited with code 0
2025/01/19 01:51:54 [notice] 1#1: worker process 44 exited with code 0
2025/01/19 01:51:54 [notice] 1#1: worker process 45 exited with code 0
2025/01/19 01:51:54 [notice] 1#1: exit
